// Jest Snapshot v1, https://goo.gl/fbAQLP

exports[`documents page snapshot 1`] = `
<DocumentFragment>
  <div
    class="bg-[var(--background)] min-h-screen py-12"
  >
    <div
      class="container-base"
    >
      <div
        class="text-center mb-12 animate-fade-in"
      >
        <h1
          class="text-4xl md:text-5xl font-bold text-gray-800 mb-4"
        >
          Documents
        </h1>
        <p
          class="text-lg text-gray-600 max-w-2xl mx-auto"
        >
          Access our foundational documents and resources
        </p>
      </div>
      <div
        class="grid gap-8 md:grid-cols-2 max-w-4xl mx-auto"
      >
        <a
          class="group bg-white border rounded-2xl p-8 hover:shadow-xl transition-all duration-300 animate-slide-in-left hover:scale-[1.02]"
          href="/constitution.pdf"
          rel="noopener noreferrer"
          target="_blank"
        >
          <h2
            class="text-2xl font-semibold text-gray-800 mb-4 group-hover:text-[var(--blue)] transition-colors"
          >
            Constitution
          </h2>
          <p
            class="text-gray-700 mb-6 leading-relaxed"
          >
            Foundational document outlining our purpose, structure, responsibilities, and elections.
          </p>
          <span
            class="inline-flex items-center gap-2 text-[var(--blue)] font-semibold group-hover:gap-3 transition-all"
          >
            Read More
          </span>
        </a>
        <a
          class="group bg-white border rounded-2xl p-8 hover:shadow-xl transition-all duration-300 animate-slide-in-right hover:scale-[1.02]"
          href="/CU-MSA Guidebook_2025.pdf"
          rel="noopener noreferrer"
          target="_blank"
        >
          <h2
            class="text-2xl font-semibold text-gray-800 mb-4 group-hover:text-[var(--blue)] transition-colors"
          >
            Coordinators & Committee Guidebook
          </h2>
          <p
            class="text-gray-700 mb-6 leading-relaxed"
          >
            Comprehensive guide for coordinators and committee members of the Carleton University MSA.
          </p>
          <span
            class="inline-flex items-center gap-2 text-[var(--blue)] font-semibold group-hover:gap-3 transition-all"
          >
            Read More
          </span>
        </a>
      </div>
    </div>
  </div>
</DocumentFragment>
`;
