// Jest Snapshot v1, https://goo.gl/fbAQLP

exports[`chaplaincy services page snapshot 1`] = `
<DocumentFragment>
  <div
    class="bg-gradient-to-b from-blue-50/30 to-white min-h-screen py-16"
  >
    <div
      class="container-base"
    >
      <div
        class="max-w-4xl mx-auto"
      >
        <div
          class="text-center mb-12 animate-fade-in"
        >
          <h1
            class="text-4xl md:text-5xl font-bold text-[var(--navy)] mb-4"
          >
            Chaplaincy Services
          </h1>
          <p
            class="text-lg text-gray-700 max-w-3xl mx-auto leading-relaxed"
          >
            We provide a safe, inclusive environment for mentorship, counselling, and spiritual guidance. Our chaplains combine lived experience with formal training to support Muslim students spiritually, emotionally, and intellectually.
          </p>
        </div>
        <div
          class="grid gap-8 md:grid-cols-2 mb-12"
        >
          <article
            class="rounded-2xl bg-white p-6 shadow-md hover:shadow-xl transition-all duration-300 border border-gray-100 animate-slide-in-left"
          >
            <div
              class="flex flex-col items-center text-center"
            >
              <div
                class="relative w-32 h-32 rounded-full overflow-hidden ring-4 ring-blue-100 mb-4 hover:ring-[var(--blue)] transition-all"
              >
                <img
                  alt="Imam Ahmed Khalil"
                  class="object-cover"
                  src="/ahmed_khalil.jpg"
                  style="position: absolute; inset: 0;"
                />
              </div>
              <h2
                class="text-2xl font-bold text-[var(--navy)]"
              >
                Imam Ahmed Khalil
              </h2>
              <p
                class="text-sm text-[var(--blue)] font-medium mt-1 mb-4"
              >
                Imam & Da'wah Coordinator
              </p>
            </div>
            <p
              class="text-gray-700 text-sm leading-relaxed"
            >
              Ahmed Khalil is a second generation Canadian Muslim, inspirational speaker, imam, and da'wah coordinator. He serves as imam and khateeb of the MAC Islamic Centre in Ottawa, ON. He has more than 20 years of experience in da'wah and Islamic activism. He has a B.Eng. in Computer Engineering from Carleton University, where he served with the MSA. He also has a diploma in Film Production from Vancouver, integrating da'wah through media. He has a diploma in Shariah and Islamic Studies from Samaha Academy under Sheikh Jasim Muhalhal Al-Yaseen and another from Zad Academy under Sheikh Muhammad Saleh Al-Munajjid. Currently pursuing a diploma in Shafi'i Fiqh. He is an avid reader, student of knowledge, and father of three.
            </p>
          </article>
          <article
            class="rounded-2xl bg-white p-6 shadow-md hover:shadow-xl transition-all duration-300 border border-gray-100 animate-slide-in-right"
          >
            <div
              class="flex flex-col items-center text-center"
            >
              <div
                class="relative w-32 h-32 rounded-full overflow-hidden ring-4 ring-blue-100 mb-4 hover:ring-[var(--blue)] transition-all"
              >
                <img
                  alt="Dr. Aisha Sherazi"
                  class="object-cover"
                  src="/aisha_sherazi.jpg"
                  style="position: absolute; inset: 0;"
                />
              </div>
              <h2
                class="text-2xl font-bold text-[var(--navy)]"
              >
                Dr. Aisha Sherazi
              </h2>
              <p
                class="text-sm text-[var(--blue)] font-medium mt-1 mb-4"
              >
                Spiritual Care Worker & Educator
              </p>
            </div>
            <p
              class="text-gray-700 text-sm leading-relaxed"
            >
              Originally a biologist, Dr. Aisha Sherazi was born and raised in the UK and migrated to Ottawa in 2000. She is the former Principal of MAC's Abraar School and helped pioneer the Al-Furqan middle school Qur'an memorization program. She is a Spiritual Care Worker at Merivale High School and works with a Muslim Leaders Working Group liaising with the Ottawa Carleton District School Board. She sits on the Board of Directors for the Ottawa Boys and Girls Club and chairs the Joint Committee for the Ottawa Muslim Association. She writes editorials and presents workshops, including youth bias and stereotypes sessions with Rabbi Mendel Blum. She lives in a four generation home in Ottawa and is married with two children.
            </p>
          </article>
        </div>
        <div
          class="bg-gradient-to-r from-blue-50 to-indigo-50 rounded-2xl p-8 text-center shadow-md border border-blue-100 animate-fade-in"
        >
          <p
            class="text-lg text-gray-800 mb-4"
          >
            By appointment only
          </p>
          <a
            class="inline-flex items-center gap-2 bg-[var(--blue)] text-white px-8 py-3 rounded-lg font-semibold hover:bg-[var(--navy)] transition-all duration-300 shadow-md hover:shadow-lg hover:scale-105"
            href="https://docs.google.com/forms/d/e/1FAIpQLSc-AxOb8ThFcEOVQFe8B4x_G3riq6jv_cMLhJvIyxsGt3mlcA/viewform"
            rel="noopener noreferrer"
            target="_blank"
          >
            Request an Appointment
          </a>
        </div>
      </div>
    </div>
  </div>
</DocumentFragment>
`;
