// Jest Snapshot v1, https://goo.gl/fbAQLP

exports[`Navbar snapshot 1`] = `
<DocumentFragment>
  <div
    class="sticky top-0 shadow-sm bg-white/95 backdrop-blur-md border-b border-[color:var(--blue)]"
    style="z-index: 9999;"
  >
    <div
      class="text-slate-800 relative z-10"
    >
      <div
        class="container-base h-16 flex items-center justify-between"
      >
        <a
          class="flex items-center select-none"
          href="/"
          style="-webkit-tap-highlight-color: transparent;"
        >
          <img
            alt="Carleton University MSA logo"
            class="object-contain h-14 w-auto drop-shadow-sm"
            draggable="false"
            height="56"
            src="/MSA.png"
            tabindex="0"
            width="220"
          />
        </a>
        <div
          class="md:hidden flex items-center gap-3"
        >
          <a
            aria-label="Linktree"
            class="relative inline-flex items-center justify-center w-9 h-9 rounded-full"
            href="https://linktr.ee/Carletonmsa?utm_source=linktree_profile_share&ltsid=86b6ac54-9966-4522-981f-6babdf7b9681"
            rel="noopener noreferrer"
            tabindex="0"
            target="_blank"
          >
            <span
              class="absolute z-0 rounded-full"
              style="width: 36px; height: 36px; border-radius: 9999px; opacity: 0; background-color: rgba(16, 185, 129, 0); transform: scale(0.8);"
            />
            <span
              class="relative z-10 flex items-center justify-center"
              style="color: rgb(5, 150, 105);"
            >
              <svg
                class="w-5 h-5"
                fill="none"
                height="1em"
                stroke="currentColor"
                stroke-linecap="round"
                stroke-linejoin="round"
                stroke-width="2"
                viewBox="0 0 24 24"
                width="1em"
                xmlns="http://www.w3.org/2000/svg"
              >
                <path
                  d="M4 10h16"
                />
                <path
                  d="M6.5 4.5l11 11"
                />
                <path
                  d="M6.5 15.5l11 -11"
                />
                <path
                  d="M12 10v-8"
                />
                <path
                  d="M12 15v7"
                />
              </svg>
            </span>
          </a>
          <button
            aria-label="Toggle menu"
            class="p-2 rounded-lg hover:bg-gray-100 transition-colors duration-200"
            type="button"
          >
            <span
              class="block w-6 h-0.5 bg-slate-600 mb-1"
            />
            <span
              class="block w-6 h-0.5 bg-slate-600 mb-1"
            />
            <span
              class="block w-6 h-0.5 bg-slate-600"
            />
          </button>
        </div>
        <nav
          class="hidden md:flex items-center gap-1 relative"
        >
          <div
            class="absolute top-1 bottom-1 rounded-lg pointer-events-none z-0 bg-[var(--blue)]"
          />
          <div
            class="relative z-10"
          >
            <div
              class="relative inline-block"
            >
              <a
                class="px-3 py-2 rounded-lg transition-colors duration-150 relative z-10 font-medium text-slate-700 hover:text-[var(--blue)]"
                href="/donate"
              >
                Donate
              </a>
            </div>
          </div>
          <div
            class="relative z-10"
          >
            <div
              class="relative"
            >
              <button
                aria-expanded="false"
                aria-haspopup="menu"
                class="
          flex items-center gap-2 px-3 py-2 rounded-lg transition-all duration-200 relative z-20 font-medium
          text-slate-700 hover:text-[var(--blue)]
        "
                type="button"
              >
                <span>
                  About Us
                </span>
                <div>
                  <svg
                    aria-hidden="true"
                    class="w-3 h-3"
                    fill="currentColor"
                    height="1em"
                    stroke="currentColor"
                    stroke-width="0"
                    viewBox="0 0 448 512"
                    width="1em"
                    xmlns="http://www.w3.org/2000/svg"
                  >
                    <path
                      d="M207.029 381.476L12.686 187.132c-9.373-9.373-9.373-24.569 0-33.941l22.667-22.667c9.357-9.357 24.522-9.375 33.901-.04L224 284.505l154.745-154.021c9.379-9.335 24.544-9.317 33.901.04l22.667 22.667c9.373 9.373 9.373 24.569 0 33.941L240.971 381.476c-9.373 9.372-24.569 9.372-33.942 0z"
                    />
                  </svg>
                </div>
              </button>
            </div>
          </div>
          <div
            class="relative z-10"
          >
            <div
              class="relative"
            >
              <button
                aria-expanded="false"
                aria-haspopup="menu"
                class="
          flex items-center gap-2 px-3 py-2 rounded-lg transition-all duration-200 relative z-20 font-medium
          text-slate-700 hover:text-[var(--blue)]
        "
                type="button"
              >
                <span>
                  Services
                </span>
                <div>
                  <svg
                    aria-hidden="true"
                    class="w-3 h-3"
                    fill="currentColor"
                    height="1em"
                    stroke="currentColor"
                    stroke-width="0"
                    viewBox="0 0 448 512"
                    width="1em"
                    xmlns="http://www.w3.org/2000/svg"
                  >
                    <path
                      d="M207.029 381.476L12.686 187.132c-9.373-9.373-9.373-24.569 0-33.941l22.667-22.667c9.357-9.357 24.522-9.375 33.901-.04L224 284.505l154.745-154.021c9.379-9.335 24.544-9.317 33.901.04l22.667 22.667c9.373 9.373 9.373 24.569 0 33.941L240.971 381.476c-9.373 9.372-24.569 9.372-33.942 0z"
                    />
                  </svg>
                </div>
              </button>
            </div>
          </div>
          <div
            class="relative z-10"
          >
            <div
              class="relative"
            >
              <button
                aria-expanded="false"
                aria-haspopup="menu"
                class="
          flex items-center gap-2 px-3 py-2 rounded-lg transition-all duration-200 relative z-20 font-medium
          text-slate-700 hover:text-[var(--blue)]
        "
                type="button"
              >
                <span>
                  Community
                </span>
                <div>
                  <svg
                    aria-hidden="true"
                    class="w-3 h-3"
                    fill="currentColor"
                    height="1em"
                    stroke="currentColor"
                    stroke-width="0"
                    viewBox="0 0 448 512"
                    width="1em"
                    xmlns="http://www.w3.org/2000/svg"
                  >
                    <path
                      d="M207.029 381.476L12.686 187.132c-9.373-9.373-9.373-24.569 0-33.941l22.667-22.667c9.357-9.357 24.522-9.375 33.901-.04L224 284.505l154.745-154.021c9.379-9.335 24.544-9.317 33.901.04l22.667 22.667c9.373 9.373 9.373 24.569 0 33.941L240.971 381.476c-9.373 9.372-24.569 9.372-33.942 0z"
                    />
                  </svg>
                </div>
              </button>
            </div>
          </div>
          <div
            class="relative z-10"
          >
            <div
              class="relative inline-block"
            >
              <a
                class="px-3 py-2 rounded-lg transition-colors duration-150 relative z-10 font-medium text-slate-700 hover:text-[var(--blue)]"
                href="/events"
              >
                Events
              </a>
            </div>
          </div>
          <div
            class="relative z-10"
          >
            <div
              class="relative inline-block"
            >
              <a
                class="px-3 py-2 rounded-lg transition-colors duration-150 relative z-10 font-medium text-slate-700 hover:text-[var(--blue)]"
                href="/contact-us"
              >
                Contact Us
              </a>
            </div>
          </div>
          <div
            class="relative z-10 ml-2"
          >
            <a
              aria-label="Linktree"
              class="relative inline-flex items-center justify-center w-9 h-9 rounded-full"
              href="https://linktr.ee/Carletonmsa?utm_source=linktree_profile_share&ltsid=86b6ac54-9966-4522-981f-6babdf7b9681"
              rel="noopener noreferrer"
              tabindex="0"
              target="_blank"
            >
              <span
                class="absolute z-0 rounded-full"
                style="width: 36px; height: 36px; border-radius: 9999px; opacity: 0; background-color: rgba(16, 185, 129, 0); transform: scale(0.8);"
              />
              <span
                class="relative z-10 flex items-center justify-center"
                style="color: rgb(5, 150, 105);"
              >
                <svg
                  class="w-5 h-5"
                  fill="none"
                  height="1em"
                  stroke="currentColor"
                  stroke-linecap="round"
                  stroke-linejoin="round"
                  stroke-width="2"
                  viewBox="0 0 24 24"
                  width="1em"
                  xmlns="http://www.w3.org/2000/svg"
                >
                  <path
                    d="M4 10h16"
                  />
                  <path
                    d="M6.5 4.5l11 11"
                  />
                  <path
                    d="M6.5 15.5l11 -11"
                  />
                  <path
                    d="M12 10v-8"
                  />
                  <path
                    d="M12 15v7"
                  />
                </svg>
              </span>
            </a>
          </div>
        </nav>
      </div>
    </div>
  </div>
</DocumentFragment>
`;
