// Jest Snapshot v1, https://goo.gl/fbAQLP

exports[`remove event page snapshot 1`] = `
<DocumentFragment>
  <div
    class="space-y-6 animate-fade-in"
  >
    <div
      data-testid="stub"
      href="/extras/portals/events/menu"
    />
    <div
      class="text-center"
    >
      <h1
        class="text-3xl font-extrabold text-[var(--red)] mb-2"
      >
        Remove Event
      </h1>
      <p
        class="text-[var(--navy)]/80"
      >
        Permanently delete an event from the system
      </p>
    </div>
    <div
      class="text-center py-12"
    >
      <h3
        class="text-xl font-semibold text-[var(--navy)] mb-2"
      >
        No Events Available
      </h3>
      <p
        class="text-[var(--navy)]/70 mb-6"
      >
        There are currently no events to remove.
      </p>
      <a
        class="btn-cozy btn-primary"
        href="/extras/portals/events/add"
      >
        Create New Event
      </a>
    </div>
  </div>
</DocumentFragment>
`;
